******************************************************************************
              TMS320C55x Linker PC v4.3.6                      
******************************************************************************
>> Linked Sat Jan 05 15:44:30 2019

OUTPUT FILE NAME:   <LCWM.out>
ENTRY POINT SYMBOL: "_c_int00"  address: 00025219


MEMORY CONFIGURATION

         name            origin    length      used     unused   attr    fill
                        (bytes)   (bytes)    (bytes)   (bytes)
----------------------  --------  ---------  --------  --------  ----  --------
PAGE 0:
  MMR                   00000000   000000c0  00000000  000000c0  RWIX
  DARAM0                000000c0   0000ff40  0000665c  000098e4  RWIX
  SARAM0                00010000   00010000  00000000  00010000  RWIX
  SARAM1                00020000   00020000  00005368  0001ac98  RWIX
  SARAM2                00040000   0000fe00  000007e2  0000f61e  RWIX
  VECS                  0004fe00   00000200  00000100  00000100  RWIX
  PDROM                 00ff8000   00008000  00000000  00008000  R IX

PAGE 2:
  IOPORT                00000000   00020000  00000000  00020000  RWI 


SECTION ALLOCATION MAP
(Addresses surrounded by []'s are displayed for convenience only!)

output                                                          attributes/
section   page  orgn(bytes) orgn(words) len(bytes) len(words)   input sections
--------  ----  ----------- ----------- ---------- ----------   --------------
.pinit       0   [ 00040000 ]  00020000          *   00000000   UNINITIALIZED

.stack       0   [ 000000c0 ]  00000060          *   00001000   UNINITIALIZED
                 [ 000000c0 ]  00000060          *   00001000   --HOLE--

.sysstack 
*            0   [ 000020c0 ]  00001060          *   00000800   UNINITIALIZED
                 [ 000020c0 ]  00001060          *   00000800   --HOLE--

.sysmem      0   [ 000030c0 ]  00001860          *   00001000   UNINITIALIZED
                 [ 000030c0 ]  00001860          *   00001000   --HOLE--

.const.1     0   [ 000050c0 ]  00002860          *   00000621   
                 [ 000050c0 ]  00002860          *   00000236   PLL.obj (.const:.string)
                 [ 0000552c ]  00002a96          *   00000176   Transfer.obj (.const:.string)
                 [ 00005818 ]  00002c0c          *   00000174   aic3204_init.obj (.const:.string)
                 [ 00005b00 ]  00002d80          *   00000101   rts55h.lib : ctype.obj (.const:__ctypes_)

.const.2     0   [ 00005d04 ]  00002e82          *   0000005c   
                 [ 00005d04 ]  00002e82          *   00000024   rts55h.lib : _printfi.obj (.const:.string)
                 [ 00005d4c ]  00002ea6          *   0000001e   main.obj (.const:.string)
                 [ 00005d88 ]  00002ec4          *   0000000c   rts55h.lib : _printfi.obj (.const)
                 [ 00005da0 ]  00002ed0          *   00000008              : divd.obj (.const:_initial_approx$1)
                 [ 00005db0 ]  00002ed8          *   00000002              : fputs.obj (.const:.string)
                 [ 00005db4 ]  00002eda          *   00000002              : divd.obj (.const)
                 [ 00005db8 ]  00002edc          *   00000002              : fltlid.obj (.const)

.bss.1       0   [ 00005dbc ]  00002ede          *   0000049f   UNINITIALIZED
                 [ 00005dbc ]  00002ede          *   00000206   main.obj (.bss)
                 [ 000061c8 ]  000030e4          *   00000119   rts55h.lib : defs.obj (.bss)
                 [ 000063fa ]  000031fd          *   000000d0              : trgdrv.obj (.bss)
                 [ 0000659a ]  000032cd          *   00000001              : fopen.obj (.bss)
                 [ 0000659c ]  000032ce          *   00000071              : lowlev.obj (.bss)
                 [ 0000667e ]  0000333f          *   00000001   usbstk5515_i2c.obj (.bss)
                 [ 00006680 ]  00003340          *   00000036   PLL.obj (.bss)
                 [ 000066ec ]  00003376          *   00000007   rts55h.lib : memory.obj (.bss)

.bss.2       0   [ 000066fc ]  0000337e          *   0000000c   UNINITIALIZED
                 [ 000066fc ]  0000337e          *   00000004   rts55h.lib : _lock.obj (.bss)
                 [ 00006704 ]  00003382          *   00000004              : exit.obj (.bss)
                 [ 0000670c ]  00003386          *   00000002   aic3204.obj (.bss)
                 [ 00006710 ]  00003388          *   00000002   sinewaves.obj (.bss)

.data        0   [ 00006714 ]  0000338a          *   00000006   
                 [ 00006714 ]  0000338a          *   00000006   55xdsph.lib : sine.obj (.data)

.text        0     00020000  [ 00010000 ] 00005368          *   
                   00020000  [ 00010000 ] 00001526          *   rts55h.lib : _printfi.obj (.text)
                   00021526  [ 00010a93 ] 00000538          *              : trgdrv.obj (.text)
                   00021a5e  [ 00010d2f ] 0000052a          *              : memory.obj (.text)
                   00021f88  [ 00010fc4 ] 00000522          *   aic3204_init.obj (.text)
                   000224aa  [ 00011255 ] 00000518          *   rts55h.lib : lowlev.obj (.text)
                   000229c2  [ 000114e1 ] 00000367          *              : divd.obj (.text)
                   00022d29  [ 00011694+] 00000340          *   PLL.obj (.text)
                   00023069  [ 00011834+] 000002ad          *   CSLc55x5h.lib : csl_pll.obj (.text)
                   00023316  [ 0001198b ] 0000026c          *   rts55h.lib : fopen.obj (.text)
                   00023582  [ 00011ac1 ] 0000025c          *              : llmpy.obj (.text)
                   000237de  [ 00011bef ] 00000257          *              : addd.obj (.text)
                   00023a35  [ 00011d1a+] 000001ea          *              : cmpd.obj (.text)
                   00023c1f  [ 00011e0f+] 0000017c          *   main.obj (.text)
                   00023d9b  [ 00011ecd+] 0000017b          *   rts55h.lib : fputs.obj (.text)
                   00023f16  [ 00011f8b ] 00000164          *   usbstk5515_gpio.obj (.text)
                   0002407a  [ 0001203d ] 0000014b          *   rts55h.lib : mpyd.obj (.text)
                   000241c5  [ 000120e2+] 0000013b          *   aic3204.obj (.text)
                   00024300  [ 00012180 ] 0000012a          *   usbstk5515_i2c.obj (.text)
                   0002442a  [ 00012215 ] 000000fe          *   sinewaves.obj (.text)
                   00024528  [ 00012294 ] 000000f6          *   Transfer.obj (.text)
                   0002461e  [ 0001230f ] 000000f3          *   rts55h.lib : setvbuf.obj (.text)
                   00024711  [ 00012388+] 000000da          *              : _io_perm.obj (.text)
                   000247eb  [ 000123f5+] 000000c8          *              : frcmpyd_div.obj (.text)
                   000248b3  [ 00012459+] 000000be          *              : trgmsg.obj (.text:CIO_breakpoint)
                   00024971  [ 000124b8+] 000000ba          *              : fflush.obj (.text)
                   00024a2b  [ 00012515+] 000000a2          *              : fputc.obj (.text)
                   00024acd  [ 00012566+] 000000a0          *              : divul.obj (.text)
                   00024b6d  [ 000125b6+] 00000079          *              : ltoa.obj (.text)
                   00024be6  [ 000125f3 ] 00000077          *   55xdsph.lib : sine.obj (.text)
                   00024c5d  [ 0001262e+] 00000076          *   rts55h.lib : fclose.obj (.text)
                   00024cd3  [ 00012669+] 00000076          *              : frcmpyd.obj (.text)
                   00024d49  [ 000126a4+] 00000070          *              : remul.obj (.text)
                   00024db9  [ 000126dc+] 0000006e          *              : fixdli.obj (.text)
                   00024e27  [ 00012713+] 0000006b          *              : trgmsg.obj (.text)
                   00024e92  [ 00012749 ] 00000068          *              : fseek.obj (.text)
                   00024efa  [ 0001277d ] 00000067          *              : fltlid.obj (.text)
                   00024f61  [ 000127b0+] 00000059          *              : atoi.obj (.text)
                   00024fba  [ 000127dd ] 00000056          *              : memcpy.obj (.text)
                   00025010  [ 00012808 ] 00000054          *   usbstk5515.obj (.text)
                   00025064  [ 00012832 ] 0000004e          *   rts55h.lib : printf.obj (.text)
                   000250b2  [ 00012859 ] 0000004d          *              : autoinit.obj (.text)
                   000250ff  [ 0001287f+] 0000004b          *              : remli.obj (.text)
                   0002514a  [ 000128a5 ] 00000049          *              : args_main.obj (.text)
                   00025193  [ 000128c9+] 00000048          *              : divli.obj (.text)
                   000251db  [ 000128ed+] 0000003e          *              : exit.obj (.text)
                   00025219  [ 0001290c+] 00000034          *              : boot.obj (.text)
                   0002524d  [ 00012926+] 0000002d          *   usbstk5515_led.obj (.text)
                   0002527a  [ 0001293d ] 0000002a          *   rts55h.lib : fixdi.obj (.text)
                   000252a4  [ 00012952 ] 0000002a          *              : udiv.obj (.text)
                   000252ce  [ 00012967 ] 00000022          *              : memccpy.obj (.text)
                   000252f0  [ 00012978 ] 0000001b          *              : isinf.obj (.text)
                   0002530b  [ 00012985+] 00000014          *              : subd.obj (.text)
                   0002531f  [ 0001298f+] 00000013          *              : lmpy.obj (.text)
                   00025332  [ 00012999 ] 00000012          *              : _lock.obj (.text)
                   00025344  [ 000129a2 ] 00000010          *              : negd.obj (.text)
                   00025354  [ 000129aa ] 0000000a          *              : remove.obj (.text)
                   0002535e  [ 000129af ] 00000007          *              : exit.obj (.text:CIO_breakpoint)
                   00025365  [ 000129b2+] 00000002          *              : vectors.obj (.text)
                   00025367  [ 000129b3 ] 00000001          *   --HOLE-- [fill = 20]

.cinit       0   [ 00040000 ]  00020000          *   000002d1   
                 [ 00040000 ]  00020000          *   0000020b   main.obj (.cinit)
                 [ 00040416 ]  0002020b          *   00000046   PLL.obj (.cinit)
                 [ 000404a2 ]  00020251          *   0000002d   rts55h.lib : lowlev.obj (.cinit)
                 [ 000404fc ]  0002027e          *   0000002a              : defs.obj (.cinit)
                 [ 00040550 ]  000202a8          *   0000000a              : _lock.obj (.cinit)
                 [ 00040564 ]  000202b2          *   0000000a              : exit.obj (.cinit)
                 [ 00040578 ]  000202bc          *   00000008   sinewaves.obj (.cinit)
                 [ 00040588 ]  000202c4          *   00000004   rts55h.lib : fopen.obj (.cinit)
                 [ 00040590 ]  000202c8          *   00000004              : memory.obj (.cinit)
                 [ 00040598 ]  000202cc          *   00000004   usbstk5515_i2c.obj (.cinit)
                 [ 000405a0 ]  000202d0          *   00000001   --HOLE-- [fill = 0]

.cio         0   [ 000405a8 ]  000202d4          *   00000120   UNINITIALIZED
                 [ 000405a8 ]  000202d4          *   00000120   rts55h.lib : trgmsg.obj (.cio)

vectors      0     0004fe00  [ 00027f00 ] 00000100          *   
                   0004fe00  [ 00027f00 ] 00000100          *   rts55h.lib : vectors.obj (vectors)


GLOBAL SYMBOLS: SORTED ALPHABETICALLY BY Name 

abs. value/
byte addr   word addr   name
---------   ---------   ----
00000002                $TI_capability$C5500$CallingConvention
00000008                $TI_capability$C5500$MemoryModel
00000001                $TI_capability_requires_rev3
ffffffff                .bss
ffffffff                .data
ffffffff                .text
0002535f                C$$EXIT
0002496c                C$$IO$$
0002531f                I$$LMPY
000252a4                I$$UDIV
000252b9                I$$UMOD
000241c5                _AIC3204_rget
00024210                _AIC3204_rset
            00002ee4    _BP
00024528                _ExportFile
00021a00                _HOSTclock
00021995                _HOSTclose
000218e0                _HOSTlseek
0002183f                _HOSTopen
000217b4                _HOSTread
000216fb                _HOSTrename
0002169d                _HOSTtime
00021631                _HOSTunlink
000215a6                _HOSTwrite
0002325b                _PLL_bypass
000230cb                _PLL_config
000231f4                _PLL_enable
00023093                _PLL_init
000232aa                _PLL_reset
0004fe00                _Reset
            00002fe4    _Temp
00024022                _USBSTK5515_GPIO_getInput
00023f16                _USBSTK5515_GPIO_init
00023f1a                _USBSTK5515_GPIO_setDirection
00023fa5                _USBSTK5515_GPIO_setOutput
0002431f                _USBSTK5515_I2C_close
00024300                _USBSTK5515_I2C_init
000243b1                _USBSTK5515_I2C_read
00024328                _USBSTK5515_I2C_reset
00024336                _USBSTK5515_I2C_write
0002524d                _USBSTK5515_LED_init
00025269                _USBSTK5515_LED_off
00025258                _USBSTK5515_LED_on
00025056                _USBSTK5515_init
00025010                _USBSTK5515_wait
00025044                _USBSTK5515_waitusec
            000202d4    __CIOBUF_
            00001060    __STACK_END
00002000                __STACK_SIZE
00002000                __SYSMEM_SIZE
00001000                __SYSSTACK_SIZE
ffffffff                ___binit__
ffffffff                ___bss__
ffffffff                ___c_args__
            00020000    ___cinit__
ffffffff                ___data__
ffffffff                ___edata__
ffffffff                ___end__
ffffffff                ___etext__
000252f0                ___isinf
ffffffff                ___pinit__
ffffffff                ___text__
000237de                __addd
0002514a                __args_main
0002342b                __cleanup
            00003382    __cleanup_ptr
00023bc7                __cmpd
            00002d80    __ctypes_
000229e4                __divd
00025193                __divli
000237aa                __divlli
000252a4                __divu
00024acd                __divul
000236b6                __divull
00024971                __doflush
            00003384    __dtors_ptr
00023b93                __eqld
0002527a                __fixdi
00024db9                __fixdli
00024efa                __fltlid
00024cd3                __frcmpyd
000247eb                __frcmpyd_div
            000031fc    __ft_end
            000030e4    __ftable
00023b49                __geqd
00023afe                __gtrd
00023ab1                __leqd
            0000337e    __lock
00023a69                __lssd
0002407a                __mpyd
0002531f                __mpyli
000235ff                __mpylli
00025344                __negd
00023a35                __neqd
00025342                __nop
00021308                __printfi
0002478e                __rd_ok
0002533a                __register_lock
00025332                __register_unlock
000250ff                __remli
000235d0                __remlli
000252b9                __remu
00024d49                __remul
00023582                __remull
            00000060    __stack
0002530b                __subd
            00001860    __sys_memory
            00001060    __sysstack
            0000315c    __tmpnams
            00003380    __unlock
00024711                __wrt_ok
0002535e                _abort
000228da                _add_device
0002427e                _aic3204_codec_read
000242c4                _aic3204_codec_write
00024262                _aic3204_disable
00024232                _aic3204_hardware_init
00021f88                _aic3204_init
00024f61                _atoi
000250b2                _auto_init
00025219                _c_int00
00021f3c                _calloc
00021f34                _chkheap
0002286a                _close
            00003386    _counter1
            00003387    _counter2
000251db                _exit
00024c5d                _fclose
000249d3                _fflush
00022861                _find_registered_device
00023549                _fopen
00024a2b                _fputc
00023d9b                _fputs
00021a5e                _free
00021ecd                _free_memory
00023483                _freopen
00024e92                _fseek
0002442a                _generate_sinewave_1
000244a9                _generate_sinewave_2
00021526                _getenv
            0000334a    _hPll
            00002ee2    _i
            00002ede    _left_input
            00002ee0    _left_output
000227fd                _lseek
00024b6d                _ltoa
00023cbc                _main
00021ba2                _malloc
00021e63                _max_free
000252ce                _memccpy
00024fba                _memcpy
00021b30                _minit
00022740                _open
            00003374    _pConfigInfo
            00003346    _pllCfg1
            0000336c    _pllCfg_100MHz
            00003370    _pllCfg_120MHz
            00003354    _pllCfg_12MHz
            00003358    _pllCfg_12p288MHz
            0000334c    _pllCfg_1MHz
            00003350    _pllCfg_2MHz
            0000335c    _pllCfg_40MHz
            00003360    _pllCfg_60MHz
            00003364    _pllCfg_75MHz
            00003368    _pllCfg_98MHz
            00003340    _pllObj
00022da4                _pll_frequency_setup
00025064                _printf
00024a2b                _putc
00024abe                _putchar
00023eea                _puts
00022696                _read
00024e27                _readmsg
00021c9d                _realloc
00025354                _remove
00022662                _remove_device
0002260b                _rename
            00002edf    _right_input
            00002ee1    _right_output
0002215a                _set_sampling_frequency_and_gain
0002461e                _setvbuf
00024be6                _sine
000225d7                _unlink
000224aa                _write
000248b3                _writemsg
ffffffff                binit
            00020000    cinit
ffffffff                edata
ffffffff                end
ffffffff                etext
ffffffff                pinit


GLOBAL SYMBOLS: SORTED BY Symbol Address 

abs. value/
byte addr   word addr   name
---------   ---------   ----
00000001                $TI_capability_requires_rev3
00000002                $TI_capability$C5500$CallingConvention
00000008                $TI_capability$C5500$MemoryModel
            00000060    __stack
00001000                __SYSSTACK_SIZE
00002000                __STACK_SIZE
00002000                __SYSMEM_SIZE
            00001060    __STACK_END
            00001060    __sysstack
            00001860    __sys_memory
            00002d80    __ctypes_
            00002ede    _left_input
            00002edf    _right_input
            00002ee0    _left_output
            00002ee1    _right_output
            00002ee2    _i
            00002ee4    _BP
            00002fe4    _Temp
            000030e4    __ftable
            0000315c    __tmpnams
            000031fc    __ft_end
            00003340    _pllObj
            00003346    _pllCfg1
            0000334a    _hPll
            0000334c    _pllCfg_1MHz
            00003350    _pllCfg_2MHz
            00003354    _pllCfg_12MHz
            00003358    _pllCfg_12p288MHz
            0000335c    _pllCfg_40MHz
            00003360    _pllCfg_60MHz
            00003364    _pllCfg_75MHz
            00003368    _pllCfg_98MHz
            0000336c    _pllCfg_100MHz
            00003370    _pllCfg_120MHz
            00003374    _pConfigInfo
            0000337e    __lock
            00003380    __unlock
            00003382    __cleanup_ptr
            00003384    __dtors_ptr
            00003386    _counter1
            00003387    _counter2
00021308                __printfi
00021526                _getenv
000215a6                _HOSTwrite
00021631                _HOSTunlink
0002169d                _HOSTtime
000216fb                _HOSTrename
000217b4                _HOSTread
0002183f                _HOSTopen
000218e0                _HOSTlseek
00021995                _HOSTclose
00021a00                _HOSTclock
00021a5e                _free
00021b30                _minit
00021ba2                _malloc
00021c9d                _realloc
00021e63                _max_free
00021ecd                _free_memory
00021f34                _chkheap
00021f3c                _calloc
00021f88                _aic3204_init
0002215a                _set_sampling_frequency_and_gain
000224aa                _write
000225d7                _unlink
0002260b                _rename
00022662                _remove_device
00022696                _read
00022740                _open
000227fd                _lseek
00022861                _find_registered_device
0002286a                _close
000228da                _add_device
000229e4                __divd
00022da4                _pll_frequency_setup
00023093                _PLL_init
000230cb                _PLL_config
000231f4                _PLL_enable
0002325b                _PLL_bypass
000232aa                _PLL_reset
0002342b                __cleanup
00023483                _freopen
00023549                _fopen
00023582                __remull
000235d0                __remlli
000235ff                __mpylli
000236b6                __divull
000237aa                __divlli
000237de                __addd
00023a35                __neqd
00023a69                __lssd
00023ab1                __leqd
00023afe                __gtrd
00023b49                __geqd
00023b93                __eqld
00023bc7                __cmpd
00023cbc                _main
00023d9b                _fputs
00023eea                _puts
00023f16                _USBSTK5515_GPIO_init
00023f1a                _USBSTK5515_GPIO_setDirection
00023fa5                _USBSTK5515_GPIO_setOutput
00024022                _USBSTK5515_GPIO_getInput
0002407a                __mpyd
000241c5                _AIC3204_rget
00024210                _AIC3204_rset
00024232                _aic3204_hardware_init
00024262                _aic3204_disable
0002427e                _aic3204_codec_read
000242c4                _aic3204_codec_write
00024300                _USBSTK5515_I2C_init
0002431f                _USBSTK5515_I2C_close
00024328                _USBSTK5515_I2C_reset
00024336                _USBSTK5515_I2C_write
000243b1                _USBSTK5515_I2C_read
0002442a                _generate_sinewave_1
000244a9                _generate_sinewave_2
00024528                _ExportFile
0002461e                _setvbuf
00024711                __wrt_ok
0002478e                __rd_ok
000247eb                __frcmpyd_div
000248b3                _writemsg
0002496c                C$$IO$$
00024971                __doflush
000249d3                _fflush
00024a2b                _fputc
00024a2b                _putc
00024abe                _putchar
00024acd                __divul
00024b6d                _ltoa
00024be6                _sine
00024c5d                _fclose
00024cd3                __frcmpyd
00024d49                __remul
00024db9                __fixdli
00024e27                _readmsg
00024e92                _fseek
00024efa                __fltlid
00024f61                _atoi
00024fba                _memcpy
00025010                _USBSTK5515_wait
00025044                _USBSTK5515_waitusec
00025056                _USBSTK5515_init
00025064                _printf
000250b2                _auto_init
000250ff                __remli
0002514a                __args_main
00025193                __divli
000251db                _exit
00025219                _c_int00
0002524d                _USBSTK5515_LED_init
00025258                _USBSTK5515_LED_on
00025269                _USBSTK5515_LED_off
0002527a                __fixdi
000252a4                I$$UDIV
000252a4                __divu
000252b9                I$$UMOD
000252b9                __remu
000252ce                _memccpy
000252f0                ___isinf
0002530b                __subd
0002531f                I$$LMPY
0002531f                __mpyli
00025332                __register_unlock
0002533a                __register_lock
00025342                __nop
00025344                __negd
00025354                _remove
0002535e                _abort
0002535f                C$$EXIT
            00020000    ___cinit__
            00020000    cinit
            000202d4    __CIOBUF_
0004fe00                _Reset
ffffffff                .bss
ffffffff                .data
ffffffff                .text
ffffffff                ___binit__
ffffffff                ___bss__
ffffffff                ___c_args__
ffffffff                ___data__
ffffffff                ___edata__
ffffffff                ___end__
ffffffff                ___etext__
ffffffff                ___pinit__
ffffffff                ___text__
ffffffff                binit
ffffffff                edata
ffffffff                end
ffffffff                etext
ffffffff                pinit

[191 symbols]
